main.c:63:6:display7SEG	16	static
main.c:106:6:update7SEG	16	static
main.c:147:6:updateMatrixBuffer	24	static
main.c:157:6:displayLedMatrix	16	static
main.c:176:6:updateLEDMatrix	16	static
main.c:245:6:setTimer0	16	static
main.c:250:6:timer_run	4	static
main.c:264:6:setTimer1	16	static
main.c:269:6:timer1_run	4	static
main.c:283:6:setTimer2	16	static
main.c:288:6:timer2_run	4	static
main.c:300:6:HAL_TIM_PeriodElapsedCallback	16	static
main.c:307:6:updateClockBuffer	4	static
main.c:320:5:main	8	static
main.c:417:6:SystemClock_Config	72	static
main.c:453:13:MX_TIM2_Init	32	static
main.c:498:13:MX_GPIO_Init	40	static
main.c:555:6:Error_Handler	4	static,ignoring_inline_asm
